273 events with statements.
[     8s] seed=0 test year 2008: train=101 test=12
[    17s] seed=0 test year 2009: train=113 test=12
[    24s] seed=0 test year 2010: train=125 test=12
[    32s] seed=0 test year 2011: train=137 test=12
[    44s] seed=0 test year 2012: train=149 test=12
[    55s] seed=0 test year 2013: train=161 test=12
[    65s] seed=0 test year 2014: train=173 test=12
[    72s] seed=0 test year 2015: train=185 test=8
[    80s] seed=0 test year 2016: train=193 test=8
[    87s] seed=0 test year 2017: train=201 test=8
[    95s] seed=0 test year 2018: train=209 test=8
[   104s] seed=0 test year 2019: train=217 test=8
[   112s] seed=0 test year 2020: train=225 test=8
[   123s] seed=0 test year 2021: train=233 test=8
[   136s] seed=0 test year 2022: train=241 test=8
[   148s] seed=0 test year 2023: train=249 test=8
[   159s] seed=0 test year 2024: train=257 test=8
[   169s] seed=0 test year 2025: train=265 test=7
[   178s] seed=1 test year 2008: train=101 test=12
[   186s] seed=1 test year 2009: train=113 test=12
[   201s] seed=1 test year 2010: train=125 test=12
[   209s] seed=1 test year 2011: train=137 test=12
[   220s] seed=1 test year 2012: train=149 test=12
[   229s] seed=1 test year 2013: train=161 test=12
[   238s] seed=1 test year 2014: train=173 test=12
[   244s] seed=1 test year 2015: train=185 test=8
[   252s] seed=1 test year 2016: train=193 test=8
[   263s] seed=1 test year 2017: train=201 test=8
[   271s] seed=1 test year 2018: train=209 test=8
[   281s] seed=1 test year 2019: train=217 test=8
[   290s] seed=1 test year 2020: train=225 test=8
[   300s] seed=1 test year 2021: train=233 test=8
[   310s] seed=1 test year 2022: train=241 test=8
[   320s] seed=1 test year 2023: train=249 test=8
[   332s] seed=1 test year 2024: train=257 test=8
[   345s] seed=1 test year 2025: train=265 test=7
done.
