========================================================================
Causal faithfulness protocol -- REAL data, same caveats as
train.py (stub encoder, pragmatic stance label, small n).
========================================================================

train=225  test=23 (held-out sample for this protocol)

Training FusionHead and NonAugmentedHead (same setup as train.py) ...
    epoch   0  mean NLL 0.5893
    epoch  30  mean NLL 0.1539
    epoch  60  mean NLL -0.0560
    epoch  90  mean NLL 0.0484
    epoch 120  mean NLL -0.0412
    epoch 149  mean NLL -0.1734
    epoch   0  mean NLL 0.6209
    epoch  30  mean NLL 0.4109
    epoch  60  mean NLL 0.3119
    epoch  90  mean NLL 0.2713
    epoch 120  mean NLL 0.1975
    epoch 149  mean NLL 0.1533

Evaluated on 23 test-set queries (skipped 0 with insufficient history for a control item).

--- FusionHead: does removed-evidence rank matter? ---
  |shift| removing rank-1 (most relevant):  0.4535  [0.2395, 0.7620]
  |shift| removing rank-5 (least relevant): 0.5102  [0.3162, 0.7158]
  paired bootstrap p-value (rank-1 shift vs rank-5 shift): 0.7193
  HYPOTHESIS (INCONCLUSIVE (not statistically distinguishable at this n -- do not report this as a finding either way)): removing the most-relevant precedent should shift the prediction more than removing the least-relevant one.

--- FusionHead: does the size of the swap matter? ---
  Spearman rho(perturbation magnitude, |prediction shift|): 0.068  [-0.254, 0.405]  (n=46 perturbations, 23 queries x 2 replace-conditions)
  HYPOTHESIS (INCONCLUSIVE (CI includes zero -- do not report this as a finding either way)): a bigger swap in the evidence should cause a bigger shift in the prediction.

--- Validity check: NonAugmentedHead must show ZERO shift ---
  max |shift| across all perturbations, all queries: 0.00e+00
  OK: baseline is provably blind to the evidence, exactly as it should be. This confirms any FusionHead shift above is coming from the retrieved evidence, not from some other source of nondeterminism in this harness.

========================================================================
REMINDERS: n=23 test queries -- read the CIs, not just
the point estimates. Stub encoder + pragmatic stance label still apply
(see train.py). Re-run once the real encoder and a confirmed stance
definition are wired in.
========================================================================
