========================================================================
Training run -- REAL data, PRAGMATIC stance label (see module
docstring), encoder STILL A STUB. Read the caveats before citing
any number this script prints.
========================================================================

273 real events -> 272 usable examples (1 skipped: no prior history to retrieve).
split: train=225  val=24  test=23
train-set stance label (OIS_1Y bp): mean=0.200 std=4.483

Training FusionHead (retrieval-augmented) ...
    epoch   0  mean NLL 0.5893
    epoch  30  mean NLL 0.1539
    epoch  60  mean NLL -0.0560
    epoch  90  mean NLL 0.0484
    epoch 120  mean NLL -0.0412
    epoch 149  mean NLL -0.1734

Training NonAugmentedHead (baseline, no retrieval) ...
    epoch   0  mean NLL 0.6209
    epoch  30  mean NLL 0.4109
    epoch  60  mean NLL 0.3119
    epoch  90  mean NLL 0.2713
    epoch 120  mean NLL 0.1975
    epoch 149  mean NLL 0.1533

========================================================================
RESULTS
========================================================================

--- val ---
  FusionHead (retrieval-augmented) (n=24):
    directional accuracy     0.458  [0.250, 0.667]
    Spearman rho            -0.083  [-0.458, 0.290]
    R^2                     -0.318  [-1.268, -0.077]
  NonAugmentedHead (baseline) (n=24):
    directional accuracy     0.583  [0.417, 0.792]
    Spearman rho            -0.079  [-0.529, 0.418]
    R^2                     -0.027  [-0.301, 0.041]

--- test ---
  FusionHead (retrieval-augmented) (n=23):
    directional accuracy     0.478  [0.261, 0.696]
    Spearman rho             0.024  [-0.344, 0.347]
    R^2                     -0.007  [-0.313, 0.040]
  NonAugmentedHead (baseline) (n=23):
    directional accuracy     0.435  [0.261, 0.652]
    Spearman rho            -0.503  [-0.751, -0.121]
    R^2                     -0.479  [-1.685, -0.106]

========================================================================
REMINDERS (do not drop these when reporting the numbers above):
1. Stance label = 1yr OIS change, a pragmatic proxy chosen today,
   not a validated construct. Frame it as a modeling choice.
2. Encoder is the stub -- text signal is noise. Re-run once real.
3. val n=24, test n=23. CIs are wide because n is small -- that
   is correct behavior, not something to explain away.
========================================================================
